[    0.000000] Initializing cgroup subsys cpuset
[    0.000000] Initializing cgroup subsys cpu
[    0.000000] Initializing cgroup subsys cpuacct
[    0.000000] Linux version 4.4.0-210-generic (buildd@lgw01-amd64-009) (gcc version 5.4.0 20160609 (Ubuntu 5.4.0-6ubuntu1~16.04.12) ) #242-Ubuntu SMP Fri Apr 16 09:57:56 UTC 2021 (Ubuntu 4.4.0-210.242-generic 4.4.262)
[    0.000000] Command line: BOOT_IMAGE=/boot/vmlinuz-4.4.0-210-generic root=LABEL=cloudimg-rootfs ro console=tty1 console=ttyS0
[    0.000000] KERNEL supported cpus:
[    0.000000]   Intel GenuineIntel
[    0.000000]   AMD AuthenticAMD
[    0.000000]   Centaur CentaurHauls
[    0.000000] x86/fpu: Legacy x87 FPU detected.
[    0.000000] e820: BIOS-provided physical RAM map:
[    0.000000] BIOS-e820: [mem 0x0000000000000000-0x000000000009fbff] usable
[    0.000000] BIOS-e820: [mem 0x000000000009fc00-0x000000000009ffff] reserved
[    0.000000] BIOS-e820: [mem 0x00000000000f0000-0x00000000000fffff] reserved
[    0.000000] BIOS-e820: [mem 0x0000000000100000-0x000000003ffeffff] usable
[    0.000000] BIOS-e820: [mem 0x000000003fff0000-0x000000003fffffff] ACPI data
[    0.000000] BIOS-e820: [mem 0x00000000fec00000-0x00000000fec00fff] reserved
[    0.000000] BIOS-e820: [mem 0x00000000fee00000-0x00000000fee00fff] reserved
[    0.000000] BIOS-e820: [mem 0x00000000fffc0000-0x00000000ffffffff] reserved
[    0.000000] NX (Execute Disable) protection: active
[    0.000000] SMBIOS 2.5 present.
[    0.000000] Hypervisor detected: KVM
[    0.000000] e820: last_pfn = 0x3fff0 max_arch_pfn = 0x400000000
[    0.000000] MTRR: Disabled
[    0.000000] x86/PAT: MTRRs disabled, skipping PAT initialization too.
[    0.000000] CPU MTRRs all blank - virtualized system.
[    0.000000] x86/PAT: Configuration [0-7]: WB  WT  UC- UC  WB  WT  UC- UC  
[    0.000000] found SMP MP-table at [mem 0x0009fff0-0x0009ffff] mapped at [ffff88000009fff0]
[    0.000000] Scanning 1 areas for low memory corruption
[    0.000000] RAMDISK: [mem 0x362dc000-0x37165fff]
[    0.000000] ACPI: Early table checksum verification disabled
[    0.000000] ACPI: RSDP 0x00000000000E0000 000024 (v02 VBOX  )
[    0.000000] ACPI: XSDT 0x000000003FFF0030 00003C (v01 VBOX   VBOXXSDT 00000001 ASL  00000061)
[    0.000000] ACPI: FACP 0x000000003FFF00F0 0000F4 (v04 VBOX   VBOXFACP 00000001 ASL  00000061)
[    0.000000] ACPI: DSDT 0x000000003FFF0610 002353 (v02 VBOX   VBOXBIOS 00000002 INTL 20100528)
[    0.000000] ACPI: FACS 0x000000003FFF0200 000040
[    0.000000] ACPI: FACS 0x000000003FFF0200 000040
[    0.000000] ACPI: APIC 0x000000003FFF0240 00005C (v02 VBOX   VBOXAPIC 00000001 ASL  00000061)
[    0.000000] ACPI: SSDT 0x000000003FFF02A0 00036C (v01 VBOX   VBOXCPUT 00000002 INTL 20100528)
[    0.000000] No NUMA configuration found
[    0.000000] Faking a node at [mem 0x0000000000000000-0x000000003ffeffff]
[    0.000000] NODE_DATA(0) allocated [mem 0x3ffeb000-0x3ffeffff]
[    0.000000] kvm-clock: Using msrs 4b564d01 and 4b564d00
[    0.000000] kvm-clock: cpu 0, msr 0:3ffe3001, primary cpu clock
[    0.000000] kvm-clock: using sched offset of 3917338200 cycles
[    0.000000] clocksource: kvm-clock: mask: 0xffffffffffffffff max_cycles: 0x1cd42e4dffb, max_idle_ns: 881590591483 ns
[    0.000000] Zone ranges:
[    0.000000]   DMA      [mem 0x0000000000001000-0x0000000000ffffff]
[    0.000000]   DMA32    [mem 0x0000000001000000-0x000000003ffeffff]
[    0.000000]   Normal   empty
[    0.000000]   Device   empty
[    0.000000] Movable zone start for each node
[    0.000000] Early memory node ranges
[    0.000000]   node   0: [mem 0x0000000000001000-0x000000000009efff]
[    0.000000]   node   0: [mem 0x0000000000100000-0x000000003ffeffff]
[    0.000000] Initmem setup node 0 [mem 0x0000000000001000-0x000000003ffeffff]
[    0.000000] ACPI: PM-Timer IO Port: 0x4008
[    0.000000] IOAPIC[0]: apic_id 2, version 32, address 0xfec00000, GSI 0-23
[    0.000000] ACPI: INT_SRC_OVR (bus 0 bus_irq 0 global_irq 2 dfl dfl)
[    0.000000] ACPI: INT_SRC_OVR (bus 0 bus_irq 9 global_irq 9 low level)
[    0.000000] Using ACPI (MADT) for SMP configuration information
[    0.000000] smpboot: Allowing 2 CPUs, 0 hotplug CPUs
[    0.000000] PM: Registered nosave memory: [mem 0x00000000-0x00000fff]
[    0.000000] PM: Registered nosave memory: [mem 0x0009f000-0x0009ffff]
[    0.000000] PM: Registered nosave memory: [mem 0x000a0000-0x000effff]
[    0.000000] PM: Registered nosave memory: [mem 0x000f0000-0x000fffff]
[    0.000000] e820: [mem 0x40000000-0xfebfffff] available for PCI devices
[    0.000000] Booting paravirtualized kernel on KVM
[    0.000000] clocksource: refined-jiffies: mask: 0xffffffff max_cycles: 0xffffffff, max_idle_ns: 7645519600211568 ns
[    0.000000] setup_percpu: NR_CPUS:512 nr_cpumask_bits:512 nr_cpu_ids:2 nr_node_ids:1
[    0.000000] PERCPU: Embedded 33 pages/cpu @ffff88003fc00000 s95192 r8192 d31784 u1048576
[    0.000000] Built 1 zonelists in Node order, mobility grouping on.  Total pages: 257912
[    0.000000] Policy zone: DMA32
[    0.000000] Kernel command line: BOOT_IMAGE=/boot/vmlinuz-4.4.0-210-generic root=LABEL=cloudimg-rootfs ro console=tty1 console=ttyS0
[    0.000000] PID hash table entries: 4096 (order: 3, 32768 bytes)
[    0.000000] Memory: 997792K/1048120K available (8644K kernel code, 1332K rwdata, 4044K rodata, 1492K init, 1164K bss, 50328K reserved, 0K cma-reserved)
[    0.000000] SLUB: HWalign=64, Order=0-3, MinObjects=0, CPUs=2, Nodes=1
[    0.000000] Kernel/User page tables isolation: enabled
[    0.000000] Hierarchical RCU implementation.
[    0.000000] 	Build-time adjustment of leaf fanout to 64.
[    0.000000] 	RCU restricting CPUs from NR_CPUS=512 to nr_cpu_ids=2.
[    0.000000] RCU: Adjusting geometry for rcu_fanout_leaf=64, nr_cpu_ids=2
[    0.000000] NR_IRQS:33024 nr_irqs:440 16
[    0.000000] Console: colour VGA+ 80x25
[    0.000000] console [tty1] enabled
[    0.000000] console [ttyS0] enabled
[    0.000000] tsc: Detected 2711.998 MHz processor
[    0.845886] Calibrating delay loop (skipped) preset value.. 5423.99 BogoMIPS (lpj=10847992)
[    0.865525] pid_max: default: 32768 minimum: 301
[    0.872156] ACPI: Core revision 20150930
[    0.881691] ACPI: 2 ACPI AML tables successfully acquired and loaded
[    0.895513] Security Framework initialized
[    0.902433] Yama: becoming mindful.
[    0.908228] AppArmor: AppArmor initialized
[    0.917711] Dentry cache hash table entries: 131072 (order: 8, 1048576 bytes)
[    0.940230] Inode-cache hash table entries: 65536 (order: 7, 524288 bytes)
[    0.957268] Mount-cache hash table entries: 2048 (order: 2, 16384 bytes)
[    0.972863] Mountpoint-cache hash table entries: 2048 (order: 2, 16384 bytes)
[    0.990229] Initializing cgroup subsys io
[    0.998147] Initializing cgroup subsys memory
[    1.005150] Initializing cgroup subsys devices
[    1.011258] Initializing cgroup subsys freezer
[    1.020893] Initializing cgroup subsys net_cls
[    1.026686] Initializing cgroup subsys perf_event
[    1.036223] Initializing cgroup subsys net_prio
[    1.043407] Initializing cgroup subsys hugetlb
[    1.054330] Initializing cgroup subsys pids
[    1.065789] mce: CPU supports 0 MCE banks
[    1.072770] Last level iTLB entries: 4KB 64, 2MB 8, 4MB 8
[    1.079655] Last level dTLB entries: 4KB 64, 2MB 0, 4MB 0, 1GB 4
[    1.092744] Spectre V1 : Mitigation: usercopy/swapgs barriers and __user pointer sanitization
[    1.107583] Spectre V2 : Mitigation: Full generic retpoline
[    1.120663] Spectre V2 : Spectre v2 / SpectreRSB mitigation: Filling RSB on context switch
[    1.135917] Speculative Store Bypass: Vulnerable
[    1.147345] SRBDS: Unknown: Dependent on hypervisor status
[    1.161891] MDS: Mitigation: Clear CPU buffers
[    1.265922] Freeing SMP alternatives memory: 36K
[    1.492012] ftrace: allocating 32380 entries in 127 pages
[    2.731009] smpboot: APIC(0) Converting physical 0 to logical package 0
[    2.743706] smpboot: Max logical packages: 1
[    2.772663] ..TIMER: vector=0x30 apic1=0 pin1=2 apic2=-1 pin2=-1
[    2.889748] APIC calibration not consistent with PM-Timer: 101ms instead of 100ms
[    2.900018] APIC delta adjusted to PM-Timer: 6275742 (6388019)
[    2.908936] smpboot: CPU0: Intel(R) Core(TM) i5-7200U CPU @ 2.50GHz (family: 0x6, model: 0x8e, stepping: 0x9)
[    2.923803] Performance Events: unsupported p6 CPU model 142 no PMU driver, software events only.
[    3.117359] KVM setup paravirtual spinlock
[    3.125845] x86: Booting SMP configuration:
[    3.132023] .... node  #0, CPUs:      #1
[    3.139000] kvm-clock: cpu 1, msr 0:3ffe3041, secondary cpu clock
[    3.148982] mce: CPU supports 0 MCE banks
[    3.154416] TSC synchronization [CPU#0 -> CPU#1]:
[    3.161452] Measured 92161 cycles TSC warp between CPUs, turning off TSC clock.
[    3.173202] tsc: Marking TSC unstable due to check_tsc_sync_source failed
[    0.881240] x86: Booted up 1 node, 2 CPUs
[    0.884007] smpboot: Total of 2 processors activated (10847.99 BogoMIPS)
[    0.896952] devtmpfs: initialized
[    0.906347] evm: security.selinux
[    0.908007] evm: security.SMACK64
[    0.912006] evm: security.SMACK64EXEC
[    0.920007] evm: security.SMACK64TRANSMUTE
[    0.924009] evm: security.SMACK64MMAP
[    0.928007] evm: security.ima
[    0.932007] evm: security.capability
[    0.936622] clocksource: jiffies: mask: 0xffffffff max_cycles: 0xffffffff, max_idle_ns: 7645041785100000 ns
[    0.972024] futex hash table entries: 512 (order: 3, 32768 bytes)
[    0.988445] pinctrl core: initialized pinctrl subsystem
[    0.996648] RTC time: 22:14:57, date: 04/17/24
[    1.005764] NET: Registered protocol family 16
[    1.024020] cpuidle: using governor ladder
[    1.036010] cpuidle: using governor menu
[    1.040012] PCCT header not found.
[    1.048112] ACPI: bus type PCI registered
[    1.056006] acpiphp: ACPI Hot Plug PCI Controller Driver version: 0.5
[    1.064729] PCI: Using configuration type 1 for base access
[    1.084280] ACPI: Added _OSI(Module Device)
[    1.092005] ACPI: Added _OSI(Processor Device)
[    1.096004] ACPI: Added _OSI(3.0 _SCP Extensions)
[    1.104003] ACPI: Added _OSI(Processor Aggregator Device)
[    1.113596] ACPI: Executed 1 blocks of module-level executable AML code
[    1.129606] ACPI: Interpreter enabled
[    1.136020] ACPI: (supports S0 S5)
[    1.140005] ACPI: Using IOAPIC for interrupt routing
[    1.148441] PCI: Using host bridge windows from ACPI; if necessary, use "pci=nocrs" and report a bug
[    1.169770] ACPI: PCI Root Bridge [PCI0] (domain 0000 [bus 00-ff])
[    1.176012] acpi PNP0A03:00: _OSC: OS supports [ASPM ClockPM Segments MSI]
[    1.188973] acpi PNP0A03:00: _OSC: not requesting OS control; OS requires [ExtendedConfig ASPM ClockPM MSI]
[    1.200018] acpi PNP0A03:00: fail to add MMCONFIG information, can't access extended PCI configuration space under this bridge.
[    1.216936] PCI host bridge to bus 0000:00
[    1.224009] pci_bus 0000:00: root bus resource [io  0x0000-0x0cf7 window]
[    1.232005] pci_bus 0000:00: root bus resource [io  0x0d00-0xffff window]
[    1.240008] pci_bus 0000:00: root bus resource [mem 0x000a0000-0x000bffff window]
[    1.252006] pci_bus 0000:00: root bus resource [mem 0x40000000-0xfdffffff window]
[    1.264010] pci_bus 0000:00: root bus resource [bus 00-ff]
[    1.280316] pci 0000:00:01.1: legacy IDE quirk: reg 0x10: [io  0x01f0-0x01f7]
[    1.288007] pci 0000:00:01.1: legacy IDE quirk: reg 0x14: [io  0x03f6]
[    1.296007] pci 0000:00:01.1: legacy IDE quirk: reg 0x18: [io  0x0170-0x0177]
[    1.308008] pci 0000:00:01.1: legacy IDE quirk: reg 0x1c: [io  0x0376]
[    1.371028] pci 0000:00:07.0: quirk: [io  0x4000-0x403f] claimed by PIIX4 ACPI
[    1.380057] pci 0000:00:07.0: quirk: [io  0x4100-0x410f] claimed by PIIX4 SMB
[    1.401389] ACPI: PCI Interrupt Link [LNKA] (IRQs 5 9 10 *11)
[    1.416645] ACPI: PCI Interrupt Link [LNKB] (IRQs 5 9 *10 11)
[    1.430694] ACPI: PCI Interrupt Link [LNKC] (IRQs 5 *9 10 11)
[    1.448267] ACPI: PCI Interrupt Link [LNKD] (IRQs 5 9 10 *11)
[    1.462757] ACPI: Enabled 2 GPEs in block 00 to 07
[    1.472299] vgaarb: setting as boot device: PCI:0000:00:02.0
[    1.476000] vgaarb: device added: PCI:0000:00:02.0,decodes=io+mem,owns=io+mem,locks=none
[    1.492007] vgaarb: loaded
[    1.496006] vgaarb: bridge control possible 0000:00:02.0
[    1.504472] SCSI subsystem initialized
[    1.512251] ACPI: bus type USB registered
[    1.516029] usbcore: registered new interface driver usbfs
[    1.528026] usbcore: registered new interface driver hub
[    1.532053] usbcore: registered new device driver usb
[    1.544467] PCI: Using ACPI for IRQ routing
[    1.552820] NetLabel: Initializing
[    1.560005] NetLabel:  domain hash size = 128
[    1.564004] NetLabel:  protocols = UNLABELED CIPSOv4
[    1.572020] NetLabel:  unlabeled traffic allowed by default
[    1.580130] amd_nb: Cannot enumerate AMD northbridges
[    1.588112] clocksource: Switched to clocksource kvm-clock
[    1.629271] AppArmor: AppArmor Filesystem Enabled
[    1.640394] pnp: PnP ACPI init
[    1.648048] pnp: PnP ACPI: found 3 devices
[    1.714758] clocksource: acpi_pm: mask: 0xffffff max_cycles: 0xffffff, max_idle_ns: 2085701024 ns
[    1.726091] NET: Registered protocol family 2
[    1.733360] TCP established hash table entries: 8192 (order: 4, 65536 bytes)
[    1.743069] TCP bind hash table entries: 8192 (order: 5, 131072 bytes)
[    1.751719] TCP: Hash tables configured (established 8192 bind 8192)
[    1.762880] UDP hash table entries: 512 (order: 2, 16384 bytes)
[    1.772516] UDP-Lite hash table entries: 512 (order: 2, 16384 bytes)
[    1.781369] NET: Registered protocol family 1
[    1.788321] pci 0000:00:00.0: Limiting direct PCI/PCI transfers
[    1.796880] pci 0000:00:01.0: Activating ISA DMA hang workarounds
[    1.805981] Unpacking initramfs...
[    2.014155] Freeing initrd memory: 14888K
[    2.294099] clocksource: tsc: mask: 0xffffffffffffffff max_cycles: 0x27178451938, max_idle_ns: 440795251172 ns
[    2.312995] platform rtc_cmos: registered platform RTC device (no PNP device found)
[    2.323643] Scanning for low memory corruption every 60 seconds
[    2.333932] audit: initializing netlink subsys (disabled)
[    2.341727] audit: type=2000 audit(1713392102.257:1): initialized
[    2.350728] Initialise system trusted keyring
[    2.359227] HugeTLB registered 2 MB page size, pre-allocated 0 pages
[    2.371182] zbud: loaded
[    2.376876] VFS: Disk quotas dquot_6.6.0
[    2.382858] VFS: Dquot-cache hash table entries: 512 (order 0, 4096 bytes)
[    2.392444] squashfs: version 4.0 (2009/01/31) Phillip Lougher
[    2.401745] fuse init (API version 7.23)
[    2.408996] Key type big_key registered
[    2.415295] Allocating IMA MOK and blacklist keyrings.
[    2.443457] Key type asymmetric registered
[    2.450191] Asymmetric key parser 'x509' registered
[    2.457400] Block layer SCSI generic (bsg) driver version 0.4 loaded (major 249)
[    2.468421] io scheduler noop registered
[    2.475170] io scheduler deadline registered (default)
[    2.482174] io scheduler cfq registered
[    2.488797] pci_hotplug: PCI Hot Plug PCI Core version: 0.5
[    2.496901] pciehp: PCI Express Hot Plug Controller Driver version: 0.4
[    2.507399] ACPI: AC Adapter [AC] (on-line)
[    2.514107] input: Power Button as /devices/LNXSYSTM:00/LNXPWRBN:00/input/input0
[    2.524819] ACPI: Power Button [PWRF]
[    2.530649] input: Sleep Button as /devices/LNXSYSTM:00/LNXSLPBN:00/input/input1
[    2.540512] ACPI: Sleep Button [SLPF]
[    2.547679] GHES: HEST is not enabled!
[    2.553892] Serial: 8250/16550 driver, 32 ports, IRQ sharing enabled
[    2.598494] 00:02: ttyS0 at I/O 0x3f8 (irq = 4, base_baud = 115200) is a 16550A
[    2.611478] Linux agpgart interface v0.103
[    2.629055] loop: module loaded
[    2.638795] scsi host0: ata_piix
[    2.645084] scsi host1: ata_piix
[    2.650157] ata1: PATA max UDMA/33 cmd 0x1f0 ctl 0x3f6 bmdma 0xd000 irq 14
[    2.659666] ata2: PATA max UDMA/33 cmd 0x170 ctl 0x376 bmdma 0xd008 irq 15
[    2.669215] libphy: Fixed MDIO Bus: probed
[    2.676210] tun: Universal TUN/TAP device driver, 1.6
[    2.683184] tun: (C) 1999-2004 Max Krasnyansky <maxk@qualcomm.com>
[    2.691787] PPP generic driver version 2.4.2
[    2.698963] ehci_hcd: USB 2.0 'Enhanced' Host Controller (EHCI) Driver
[    2.707258] ehci-pci: EHCI PCI platform driver
[    2.714432] ehci-platform: EHCI generic platform driver
[    2.721697] ohci_hcd: USB 1.1 'Open' Host Controller (OHCI) Driver
[    2.729865] ohci-pci: OHCI PCI platform driver
[    2.736260] ohci-platform: OHCI generic platform driver
[    2.743585] uhci_hcd: USB Universal Host Controller Interface driver
[    2.751504] i8042: PNP: PS/2 Controller [PNP0303:PS2K,PNP0f03:PS2M] at 0x60,0x64 irq 1,12
[    2.766735] serio: i8042 KBD port at 0x60,0x64 irq 1
[    2.773523] serio: i8042 AUX port at 0x60,0x64 irq 12
[    2.781684] mousedev: PS/2 mouse device common for all mice
[    2.792770] rtc_cmos rtc_cmos: rtc core: registered rtc_cmos as rtc0
[    2.792902] input: AT Translated Set 2 keyboard as /devices/platform/i8042/serio0/input/input2
[    2.813940] rtc_cmos rtc_cmos: alarms up to one day, 114 bytes nvram
[    2.822791] i2c /dev entries driver
[    2.828287] device-mapper: uevent: version 1.0.3
[    2.869101] device-mapper: ioctl: 4.34.0-ioctl (2015-10-28) initialised: dm-devel@redhat.com
[    2.880765] ledtrig-cpu: registered to indicate activity on CPUs
[    2.926538] NET: Registered protocol family 10
[    2.933553] NET: Registered protocol family 17
[    2.939526] Key type dns_resolver registered
[    2.946356] registered taskstats version 1
[    2.953796] Loading compiled-in X.509 certificates
[    2.960817] Loaded X.509 cert 'Build time autogenerated kernel key: cf00e047681d67edb2720680708b7d9498083038'
[    2.973606] zswap: loaded using pool lzo/zbud
[    2.985301] Key type trusted registered
[    3.001020] Key type encrypted registered
[    3.008224] AppArmor: AppArmor sha1 policy hashing enabled
[    3.016427] ima: No TPM chip found, activating TPM-bypass!
[    3.023711] ima: Allocated hash algorithm: sha1
[    3.029926] evm: HMAC attrs: 0x1
[    3.036425]   Magic number: 4:767:249
[    3.042636] rtc_cmos rtc_cmos: setting system clock to 2024-04-17 22:14:59 UTC (1713392099)
[    3.053889] BIOS EDD facility v0.16 2004-Jun-25, 0 devices found
[    3.061665] EDD information not available.
[    3.071015] Freeing unused kernel memory: 1492K
[    3.088314] Write protecting the kernel read-only data: 14336k
[    3.097548] Freeing unused kernel memory: 1584K
[    3.105771] Freeing unused kernel memory: 52K
Loading, please wait...
starting version 229
[    3.158644] random: systemd-udevd: uninitialized urandom read (16 bytes read, 11 bits of entropy available)
[    3.172430] random: systemd-udevd: uninitialized urandom read (16 bytes read, 11 bits of entropy available)
[    3.174747] random: udevadm: uninitialized urandom read (16 bytes read, 11 bits of entropy available)
[    3.174777] random: udevadm: uninitialized urandom read (16 bytes read, 11 bits of entropy available)
[    3.197207] random: udevadm: uninitialized urandom read (16 bytes read, 11 bits of entropy available)
[    3.197269] random: udevadm: uninitialized urandom read (16 bytes read, 11 bits of entropy available)
[    3.197556] random: udevadm: uninitialized urandom read (16 bytes read, 11 bits of entropy available)
[    3.197632] random: udevadm: uninitialized urandom read (16 bytes read, 11 bits of entropy available)
[    3.197769] random: udevadm: uninitialized urandom read (16 bytes read, 11 bits of entropy available)
[    3.197886] random: udevadm: uninitialized urandom read (16 bytes read, 11 bits of entropy available)
[    3.407104] Fusion MPT base driver 3.04.20
[    3.413873] Copyright (c) 1999-2008 LSI Corporation
[    3.432709] e1000: Intel(R) PRO/1000 Network Driver - version 7.3.21-k8-NAPI
[    3.443373] e1000: Copyright (c) 1999-2006 Intel Corporation.
[    3.487007] SSE version of gcm_enc/dec engaged.
[    3.498998] Fusion MPT SPI Host driver 3.04.20
[    3.734389] input: ImExPS/2 Generic Explorer Mouse as /devices/platform/i8042/serio1/input/input4
[    4.347632] e1000 0000:00:03.0 eth0: (PCI:33MHz:32-bit) 02:be:82:6b:cc:1d
[    4.356986] e1000 0000:00:03.0 eth0: Intel(R) PRO/1000 Network Connection
[    4.370031] e1000 0000:00:03.0 enp0s3: renamed from eth0
[    4.378939] mptbase: ioc0: Initiating bringup
[    4.481598] ioc0: LSI53C1030 A0: Capabilities={Initiator}
[    5.366809] scsi host2: ioc0: LSI53C1030 A0, FwRev=00000000h, Ports=1, MaxQ=256, IRQ=20
[    5.584947] scsi 2:0:0:0: Direct-Access     VBOX     HARDDISK         1.0  PQ: 0 ANSI: 5
[    5.598720] scsi target2:0:0: Beginning Domain Validation
[    5.619568] scsi target2:0:0: Domain Validation skipping write tests
[    5.627878] scsi target2:0:0: Ending Domain Validation
[    5.635092] scsi target2:0:0: asynchronous
[    5.646068] scsi 2:0:1:0: Direct-Access     VBOX     HARDDISK         1.0  PQ: 0 ANSI: 5
[    5.649940] scsi target2:0:1: Beginning Domain Validation
[    5.680780] scsi target2:0:1: Domain Validation skipping write tests
[    5.690097] scsi target2:0:1: Ending Domain Validation
[    5.698537] scsi target2:0:1: asynchronous
[    5.743950] sd 2:0:0:0: Attached scsi generic sg0 type 0
[    5.745157] sd 2:0:0:0: [sda] 83886080 512-byte logical blocks: (42.9 GB/40.0 GiB)
[    5.746407] sd 2:0:0:0: [sda] Write Protect is off
[    5.747220] sd 2:0:0:0: [sda] Incomplete mode parameter data
[    5.747222] sd 2:0:0:0: [sda] Assuming drive cache: write through
[    5.763227]  sda: sda1
[    5.767594] sd 2:0:0:0: [sda] Attached SCSI disk
[    5.823751] sd 2:0:1:0: [sdb] 20480 512-byte logical blocks: (10.5 MB/10.0 MiB)
[    5.833831] sd 2:0:1:0: Attached scsi generic sg1 type 0
[    5.842400] sd 2:0:1:0: [sdb] Write Protect is off
[    5.849901] sd 2:0:1:0: [sdb] Incomplete mode parameter data
[    5.858271] sd 2:0:1:0: [sdb] Assuming drive cache: write through
[    5.878619] sd 2:0:1:0: [sdb] Attached SCSI disk
Begin: Loading essential drivers ... [    7.747213] md: linear personality registered for level -1
[    7.763679] md: multipath personality registered for level -4
[    7.777954] md: raid0 personality registered for level 0
[    7.808759] md: raid1 personality registered for level 1
[    7.888719] raid6: sse2x1   gen()  9112 MB/s
[    7.960450] raid6: sse2x1   xor()  6671 MB/s
[    8.032600] raid6: sse2x2   gen()  8429 MB/s
[    8.105321] raid6: sse2x2   xor()  6736 MB/s
[    8.176674] raid6: sse2x4   gen() 11757 MB/s
[    8.248140] raid6: sse2x4   xor()  7866 MB/s
[    8.255379] raid6: using algorithm sse2x4 gen() 11757 MB/s
[    8.262950] raid6: .... xor() 7866 MB/s, rmw enabled
[    8.269062] raid6: using ssse3x2 recovery algorithm
[    8.280853] xor: measuring software checksum speed
[   11.954119]    prefetch64-sse: -443013.-296 MB/sec
[   13.043959]    generic_sse: 41568.000 MB/sec
[   13.050233] xor: using function: generic_sse (41568.000 MB/sec)
[   13.061668] async_tx: api initialized (async)
[   13.145028] md: raid6 personality registered for level 6
[   13.152350] md: raid5 personality registered for level 5
[   13.161488] md: raid4 personality registered for level 4
[   13.210229] md: raid10 personality registered for level 10
done.
Begin: Running /scripts/init-premount ... done.
Begin: Mounting root file system ... Begin: Running /scripts/local-top ... done.
Begin: Running /scripts/local-premount ... [   13.366004] Btrfs loaded
Scanning for Btrfs filesystems
done.
Warning: fsck not present, so skipping root file system
[   13.494431] EXT4-fs (sda1): mounted filesystem with ordered data mode. Opts: (null)
done.
Begin: Running /scripts/local-bottom ... done.
Begin: Running /scripts/init-bottom ... done.
[   13.964575] systemd[1]: systemd 229 running in system mode. (+PAM +AUDIT +SELINUX +IMA +APPARMOR +SMACK +SYSVINIT +UTMP +LIBCRYPTSETUP +GCRYPT +GNUTLS +ACL +XZ -LZ4 +SECCOMP +BLKID +ELFUTILS +KMOD -IDN)
[   13.986660] systemd[1]: Detected virtualization oracle.
[   13.994158] systemd[1]: Detected architecture x86-64.

Welcome to [1mUbuntu 16.04.7 LTS[0m!

[   14.016480] systemd[1]: Set hostname to <web>.
[   14.266629] random: nonblocking pool is initialized
[   14.363013] systemd[1]: Listening on /dev/initctl Compatibility Named Pipe.
[[0;32m  OK  [0m] Listening on /dev/initctl Compatibility Named Pipe.
[   14.381791] systemd[1]: Listening on Device-mapper event daemon FIFOs.
[[0;32m  OK  [0m] Listening on Device-mapper event daemon FIFOs.
[   14.398880] systemd[1]: Started Trigger resolvconf update for networkd DNS.
[[0;32m  OK  [0m] Started Trigger resolvconf update for networkd DNS.
[   14.416921] systemd[1]: Listening on Syslog Socket.
[[0;32m  OK  [0m] Listening on Syslog Socket.
[   14.431052] systemd[1]: Started Forward Password Requests to Wall Directory Watch.
[[0;32m  OK  [0m] Started Forward Password Requests to Wall Directory Watch.
[   14.449737] systemd[1]: Listening on Journal Audit Socket.
[[0;32m  OK  [0m] Listening on Journal Audit Socket.
[   14.464702] systemd[1]: Listening on fsck to fsckd communication Socket.
[[0;32m  OK  [0m] Listening on fsck to fsckd communication Socket.
[   14.485318] systemd[1]: Listening on udev Control Socket.
[[0;32m  OK  [0m] Listening on udev Control Socket.
[   14.503662] systemd[1]: Created slice User and Session Slice.
[[0;32m  OK  [0m] Created slice User and Session Slice.
[   14.521877] systemd[1]: Created slice System Slice.
[[0;32m  OK  [0m] Created slice System Slice.
[   14.540007] systemd[1]: Created slice system-serial\x2dgetty.slice.
[[0;32m  OK  [0m] Created slice system-serial\x2dgetty.slice.
[   14.559510] systemd[1]: Listening on LVM2 poll daemon socket.
[[0;32m  OK  [0m] Listening on LVM2 poll daemon socket.
[   14.577460] systemd[1]: Listening on Journal Socket (/dev/log).
[[0;32m  OK  [0m] Listening on Journal Socket (/dev/log).
[   14.595025] systemd[1]: Reached target User and Group Name Lookups.
[[0;32m  OK  [0m] Reached target User and Group Name Lookups.
[   14.613728] systemd[1]: Set up automount Arbitrary Executable File Formats File System Automount Point.
[[0;32m  OK  [0m] Set up automount Arbitrary Executab...ats File System Automount Point.
[   14.637786] systemd[1]: Reached target System Time Synchronized.
[[0;32m  OK  [0m] Reached target System Time Synchronized.
[   14.654868] systemd[1]: Reached target Swap.
[[0;32m  OK  [0m] Reached target Swap.
[   14.668462] systemd[1]: Listening on udev Kernel Socket.
[[0;32m  OK  [0m] Listening on udev Kernel Socket.
[   14.683509] systemd[1]: Listening on Journal Socket.
[[0;32m  OK  [0m] Listening on Journal Socket.
[   14.708917] systemd[1]: Starting Set console keymap...
         Starting Set console keymap...
[   14.723230] systemd[1]: Starting File System Check on Root Device...
         Starting File System Check on Root Device...
[   14.746720] systemd[1]: Mounting Debug File System...
         Mounting Debug File System...
[   14.770236] systemd[1]: Starting Nameserver information manager...
         Starting Nameserver information manager...
[   14.796411] systemd[1]: Mounting POSIX Message Queue File System...
         Mounting POSIX Message Queue File System...
[   14.827709] systemd[1]: Mounting Huge Pages File System...
         Mounting Huge Pages File System...
[   14.846721] systemd[1]: Starting Uncomplicated firewall...
         Starting Uncomplicated firewall...
[   14.867734] systemd[1]: Starting Journal Service...
         Starting Journal Service...
[   14.895058] systemd[1]: Starting Load Kernel Modules...
         Starting Load Kernel Modules...
[   14.922629] systemd[1]: Listening on LVM2 metadata daemon socket.
[[0;32m  OK  [0m] Listening on LVM2 metadata daemon socket.
[   14.943772] systemd[1]: Starting Create list of required static device nodes for the current kernel...
[   14.965791] Loading iSCSI transport class v2.0-870.
         Starting Create list of required st... nodes for the current kernel...
[   14.981535] systemd[1]: Reached target Encrypted Volumes.
[[0;32m  OK  [0m] Reached target Encrypted Volumes.
[   15.010535] iscsi: registered transport (tcp)
[   15.011437] systemd[1]: Starting Monitoring of LVM2 mirrors, snapshots etc. using dmeventd or progress polling...
         Starting Monitoring of LVM2 mirrors... dmeventd or progress polling...
[   15.061895] systemd[1]: Reached target Slices.
[[0;32m  OK  [0m] Reached target Slices.
[   15.088306] systemd[1]: Mounted Huge Pages File System.
[[0;32m  OK  [0m] Mounted Huge Pages File System.
[   15.115552] systemd[1]: Mounted POSIX Message Queue File System.
[[0;32m  OK  [0m] Mounted POSIX Message Queue File System.
[   15.139526] systemd[1]: Mounted Debug File System.
[[0;32m  OK  [0m] Mounted Debug File System.
[   15.162680] systemd[1]: Started Journal Service.
[[0;32m  OK  [0m] Started Journal Service.
[[0;32m  OK  [0m] Started Set console keymap.
[[0;32m  OK  [0m] Started File System Check on Root Device.
[[0;32m  OK  [0m[   15.241264] iscsi: registered transport (iser)
] Started Uncomplicated firewall.
[[0;32m  OK  [0m] Started Load Kernel Modules.
[[0;32m  OK  [0m] Started Create list of required sta...ce nodes for the current kernel.
[[0;32m  OK  [0m] Started Nameserver information manager.
[[0;32m  OK  [0m] Started LVM2 metadata daemon.
[[0;32m  OK  [0m] Started File System Check Daemon to report status.
         Starting Create Static Device Nodes in /dev...
         Starting Apply Kernel Variables...
         Mounting FUSE Control File System...
         Starting Remount Root and Kernel File Systems...
[[0;32m  OK  [0m] Mounted FUSE Control File System.
[[0;32m  OK  [0m] Started Create Static Device Nodes in /dev.
[[0;32m  OK  [0m] Started Apply Kernel Variables.
[[0;32m  OK  [0m] Started Remount Root and Kernel File Systems.
         Starting udev Coldplug all Devices...
         Starting Flush Journal to Persistent Storage...
         Starting Load/Save Random Seed...
         Starting udev Kernel Device Manager...
[[0;32m  OK  [0m] Started Load/Save Random Seed.
[[0;32m  OK  [0m] Started Flush Journal to Persistent Storage.
[[0;32m  OK  [0m] Started udev Kernel Device Manager.
[[0;32m  OK  [0m] Started Monitoring of LVM2 mirrors,...ng dmeventd or progress polling.
[[0;32m  OK  [0m] Reached target Local File Systems (Pre).
[[0;32m  OK  [0m] Reached target Local File Systems.
         Starting Initial cloud-init job (pre-networking)...
         Starting Tell Plymouth To Write Out Runtime Data...
         Starting Create Volatile Files and Directories...
         Starting Set console font and keymap...
         Starting LSB: AppArmor initialization...
[[0;32m  OK  [0m] Started udev Coldplug all Devices.
[[0;32m  OK  [0m] Started Tell Plymouth To Write Out Runtime Data.
[[0;32m  OK  [0m] Started Create Volatile Files and Directories.
         Starting Update UTMP about System Boot/Shutdown...
[[0;32m  OK  [0m] Started Dispatch Password Requests to Console Directory Watch.
[[0;32m  OK  [0m] Started Update UTMP about System Boot/Shutdown.
[[0;32m  OK  [0m] Found device /dev/ttyS0.
[[0;32m  OK  [0m] Listening on Load/Save RF Kill Switch Status /dev/rfkill Watch.
[[0;32m  OK  [0m] Started LSB: AppArmor initialization.
         Starting Load AppArmor profiles managed internally by snapd...
[[0;32m  OK  [0m] Started Load AppArmor profiles managed internally by snapd.
[[0;32m  OK  [0m] Found device 82540EM Gigabit Ethern...r (PRO/1000 MT Desktop Adapter).
[   18.313745] cloud-init[492]: Cloud-init v. 21.1-19-gbad84ad4-0ubuntu1~16.04.2 running 'init-local' at Wed, 17 Apr 2024 22:15:14 +0000. Up 17.86 seconds.
[[0;32m  OK  [0m] Started Initial cloud-init job (pre-networking).
[[0;32m  OK  [0m] Reached target Network (Pre).
[[0;32m  OK  [0m] Started ifup for enp0s3.
         Starting Raise network interfaces...
[[0;32m  OK  [0m] Started Set console font and keymap.
[[0;32m  OK  [0m] Created slice system-getty.slice.
[[0;32m  OK  [0m] Started Raise network interfaces.
[[0;32m  OK  [0m] Reached target Network.
         Starting Initial cloud-init job (metadata service crawler)...
[   20.427617] cloud-init[982]: Cloud-init v. 21.1-19-gbad84ad4-0ubuntu1~16.04.2 running 'init' at Wed, 17 Apr 2024 22:15:16 +0000. Up 20.05 seconds.
[   20.439742] cloud-init[982]: ci-info: ++++++++++++++++++++++++++++++++++++++Net device info++++++++++++++++++++++++++++++++++++++
[   20.453050] cloud-init[982]: ci-info: +--------+------+----------------------------+---------------+--------+-------------------+
[   20.466321] cloud-init[982]: ci-info: | Device |  Up  |          Address           |      Mask     | Scope  |     Hw-Address    |
[   20.478175] [[0;32m  OK  [0m] Started Initial cloud-init job (metadata service crawler).
[[0;32m  OK  [0m] Reached target Cloud-config availability.
[[0;32m  OK  [0m] Reached target System Initialization.
cloud-init[982]: ci-info: +--------+------+----------------------------+---------------+--------+-------------------+
[[0;32m  OK  [0m] Started Daily apt download activities.
[   20.498671] cloud-init[982]: ci-info: | enp0s3 | True |         10.0.2.15          | 255.255.255.0 | global | 02:be:82:6b:cc:1d |
[   20.510478] cloud-init[982]: ci-info: | enp0s3 | True | fe80::be:82ff:fe6b:cc1d/64 |       .       |  link  | 02:be:82:6b:cc:1d |
[   20.512318] cloud-init[982]: ci-info: |   lo   | True |         127.0.0.1          |   255.0.0.0   |  host  |         .         |
[   20.512975] cloud-init[982]: ci-info: |   lo   | True |          ::1/128           |       .       |  host  |         .         |
[   20.513625] cloud-init[982]: ci-info: +--------+------+----------------------------+---------------+--------+-------------------+
[   20.514302] cloud-init[982]: ci-info: +++++++++++++++++++++++++++Route IPv4 info++++++++++++++++++++++++++++
[   20.514931] cloud-init[982]: ci-info: +-------+-------------+----------+---------------+-----------+-------+
[   20.515597] cloud-init[982]: ci-info: | Route | Destination | Gateway  |    Genmask    | Interface | Flags |
[   20.516988] cloud-init[982]: ci-info: +-------+-------------+----------+---------------+-----------+-------+
[   20.517679] cloud-init[982]: ci-info: |   0   |   0.0.0.0   | 10.0.2.2 |    0.0.0.0    |   enp0s3  |   UG  |
[   20.518325] cloud-init[982]: ci-info: |   1   |   10.0.2.0  | 0.0.0.0  | 255.255.255.0 |   enp0s3  |   U   |
[   20.518961] cloud-init[982]: ci-info: +-------+-------------+----------+---------------+-----------+-------+
[   20.519801] cloud-init[982]: ci-info: +++++++++++++++++++Route IPv6 info+++++++++++++++++++
[   20.520907] cloud-init[982]: ci-info: +-------+-------------+---------+-----------+-------+
[   20.521458] cloud-init[982]: ci-info: | Route | Destination | Gateway | Interface | Flags |
[   20.521984] cloud-init[982]: ci-info: +-------+-------------+---------+-----------+-------+
[   20.522620] cloud-init[982]: ci-info: |   0   |  fe80::/64  |    ::   |   enp0s3  |   U   |
[   20.523160] cloud-init[982]: ci-info: |   3   |   ff00::/8  |    ::   |   enp0s3  |   U   |
[   20.523681] cloud-init[982]: ci-info: +-------+-------------+---------+-----------+-------+
[[0;32m  OK  [0m] Started ACPI Events Check.
[[0;32m  OK  [0m] Reached target Paths.
[[0;32m  OK  [0m] Started Message of the Day.
[[0;32m  OK  [0m] Started Ubuntu Advantage update messaging.
[[0;32m  OK  [0m] Listening on D-Bus System Message Bus Socket.
[[0;32m  OK  [0m] Started Daily Cleanup of Temporary Directories.
[[0;32m  OK  [0m] Started Daily apt upgrade and clean activities.
[[0;32m  OK  [0m] Reached target Timers.
         Starting Socket activation for snappy daemon.
         Starting LXD - unix socket.
[[0;32m  OK  [0m] Listening on UUID daemon activation socket.
[[0;32m  OK  [0m] Listening on ACPID Listen Socket.
[[0;32m  OK  [0m] Reached target Network is Online.
         Starting iSCSI initiator daemon (iscsid)...
[[0;32m  OK  [0m] Listening on Socket activation for snappy daemon.
[[0;32m  OK  [0m] Listening on LXD - unix socket.
[[0;32m  OK  [0m] Reached target Sockets.
[[0;32m  OK  [0m] Reached target Basic System.
         Starting System Logging Service...
[[0;32m  OK  [0m] Started FUSE filesystem for LXC.
         Starting Virtualbox guest utils...
         Starting Login Service...
         Starting LXD - container startup/shutdown...
[[0;32m  OK  [0m] Started ACPI event daemon.
[[0;32m  OK  [0m] Started Deferred execution scheduler.
[[0;32m  OK  [0m] Started Regular background program processing daemon.
         Starting LSB: Record successful boot for GRUB...
         Starting Accounts Service...
[[0;32m  OK  [0m] Started D-Bus System Message Bus.
         Starting LSB: MD monitoring daemon...
         Starting /etc/rc.local Compatibility...
         Starting OpenBSD Secure Shell server...
         Starting Snap Daemon...
[[0;32m  OK  [0m] Started System Logging Service.
[[0;32m  OK  [0m] Started iSCSI initiator daemon (iscsid).
[[0;32m  OK  [0m] Started /etc/rc.local Compatibility.
[[0;32m  OK  [0m] Started Login Service.
[[0;32m  OK  [0m] Started Unattended Upgrades Shutdown.
         Starting Authenticate and Authorize Users to Run Privileged Tasks...
         Starting Login to default iSCSI targets...
[[0;32m  OK  [0m] Started LXD - container startup/shutdown.
[[0;32m  OK  [0m] Started LSB: Record successful boot for GRUB.
[[0;32m  OK  [0m] Started LSB: MD monitoring daemon.
[[0;32m  OK  [0m] Started Login to default iSCSI targets.
[[0;32m  OK  [0m] Started Authenticate and Authorize Users to Run Privileged Tasks.
[[0;32m  OK  [0m] Started OpenBSD Secure Shell server.
[[0;32m  OK  [0m] Reached target Remote File Systems (Pre).
         Mounting /vagrant...
         Mounting /opt/web...
[[0;32m  OK  [0m] Started Accounts Service.
[[0;1;31mFAILED[0m] Failed to mount /vagrant.
See 'systemctl status vagrant.mount' for details.
[[0;1;33mDEPEND[0m] Dependency failed for Remote File Systems.
[[0;1;31mFAILED[0m] Failed to mount /opt/web.
See 'systemctl status opt-web.mount' for details.
         Starting LSB: automatic crash report generation...
         Starting LSB: Set the CPU Frequency Scaling governor to "ondemand"...
         Starting LSB: Apache2 web server...
         Starting LSB: daemon to balance interrupts for SMP systems...
         Starting Permit User Sessions...
[[0;32m  OK  [0m] Started Permit User Sessions.
         Starting Terminate Plymouth Boot Screen...
         Starting Hold until boot process finishes up...
[[0;32m  OK  [0m] Started Terminate Plymouth Boot Screen.
[[0;32m  OK  [0m] Started Hold until boot process finishes up.
         Starting Set console scheme...
[[0;32m  OK  [0m] Started Serial Getty on ttyS0.
[[0;32m  OK  [0m] Started Getty on tty1.
[[0;32m  OK  [0m] Reached target Login Prompts.
[[0;32m  OK  [0m] Started Set console scheme.
[[0;32m  OK  [0m] Started LSB: automatic crash report generation.
[[0;32m  OK  [0m] Started Virtualbox guest utils.
[[0;32m  OK  [0m] Started LSB: Set the CPU Frequency Scaling governor to "ondemand".
[[0;32m  OK  [0m] Started LSB: daemon to balance interrupts for SMP systems.
[[0;32m  OK  [0m] Started LSB: Apache2 web server.
[[0;32m  OK  [0m] Started Snap Daemon.
         Starting Wait until snapd is fully seeded...
[[0;32m  OK  [0m] Started Wait until snapd is fully seeded.
         Starting Apply the settings specified in cloud-config...
[[0;32m  OK  [0m] Reached target Multi-User System.
[[0;32m  OK  [0m] Reached target Graphical Interface.
         Starting Update UTMP about System Runlevel Changes...
[[0;32m  OK  [0m] Started Update UTMP about System Runlevel Changes.
[   23.047131] cloud-init[1330]: Cloud-init v. 21.1-19-gbad84ad4-0ubuntu1~16.04.2 running 'modules:config' at Wed, 17 Apr 2024 22:15:19 +0000. Up 22.91 seconds.
[[0;32m  OK  [0m] Started Apply the settings specified in cloud-config.
         Starting Execute cloud user/final scripts...
[   23.800653] cloud-init[1342]: Cloud-init v. 21.1-19-gbad84ad4-0ubuntu1~16.04.2 running 'modules:final' at Wed, 17 Apr 2024 22:15:19 +0000. Up 23.51 seconds.
[   23.812057] cloud-init[1342]: Cloud-init v. 21.1-19-gbad84ad4-0ubuntu1~16.04.2 finished at Wed, 17 Apr 2024 22:15:20 +0000. Datasource DataSourceNoCloud [seed=/dev/sdb][dsmode=net].  Up 23.78 seconds
[[0;32m  OK  [0m] Started Execute cloud user/final scripts.
[[0;32m  OK  [0m] Reached target Cloud-init target.

Ubuntu 16.04.7 LTS web ttyS0

web login: 